{
  "scope": "repository",
  "organization": "harumiWeb",
  "repository": "mermaid-translator",
  "pullRequest": null,
  "minLevel": "Info",
  "total": 13,
  "issues": [
    "High | src/shared/detectMermaid.ts:32 | ESLint8_security_detect-object-injection | Security | Generic Object Injection Sink",
    "High | vite.config.ts:39 | ESLint8_security_detect-non-literal-fs-filename | Security | Found mkdir from package \"fs/promises\" with non literal argument at index 0",
    "High | src/content/mermaidRenderer.ts:16 | ESLint8_security-node_detect-unhandled-async-errors | Security | Unhandled errors detected in asynchronous function",
    "High | src/content/main.tsx:990 | ESLint8_xss_no-mixed-html | Security | Non-HTML variable 'blob' is used to store raw HTML",
    "High | src/content/selection.ts:114 | ESLint8_@typescript-eslint_no-unnecessary-condition | ErrorProne | Unnecessary conditional, value is always falsy.",
    "High | vite.config.ts:37 | ESLint8_security_detect-non-literal-fs-filename | Security | Found mkdir from package \"fs/promises\" with non literal argument at index 0",
    "High | vite.config.ts:88 | ESLint8_security_detect-non-literal-fs-filename | Security | Found readFile from package \"fs/promises\" with non literal argument at index 0",
    "High | vite.config.ts:38 | ESLint8_security_detect-non-literal-fs-filename | Security | Found mkdir from package \"fs/promises\" with non literal argument at index 0",
    "High | src/content/main.tsx:1047 | ESLint8_security-node_detect-unhandled-async-errors | Security | Unhandled errors detected in asynchronous function",
    "High | vite.config.ts:93 | ESLint8_security_detect-non-literal-fs-filename | Security | Found writeFile from package \"fs/promises\" with non literal argument at index 0",
    "High | src/content/main.tsx:196 | ESLint8_@typescript-eslint_no-unnecessary-condition | ErrorProne | Unnecessary conditional, expected left-hand side of `??` operator to be possibly null or undefined.",
    "High | src/content/main.tsx:197 | ESLint8_@typescript-eslint_no-unnecessary-condition | ErrorProne | Unnecessary conditional, value is always falsy.",
    "High | src/content/selection.ts:81 | ESLint8_security_detect-object-injection | Security | Generic Object Injection Sink"
  ]
}